// Jest Snapshot v1, https://goo.gl/fbAQLP

exports[`MainMenu onActivate correctly positions the menu entries 1`] = `
Array [
  Vector {
    "x": 400,
    "y": 300,
  },
  Vector {
    "x": 400,
    "y": 350,
  },
  Vector {
    "x": 400,
    "y": 400,
  },
]
`;
